// Jest Snapshot v1, https://goo.gl/fbAQLP

exports[`render heading 1`] = `"<h2>Title 1</h2>"`;

exports[`render heading 2 1`] = `"<h3>Title 2</h3>"`;

exports[`render heading 3 1`] = `"<h3>Title 3</h3>"`;
