// Jest Snapshot v1, https://goo.gl/fbAQLP

exports[`test 1`] = `"<p><em>This content was created on&amp;nbsp;</em><a href=\\"https://app.sigle.io\\" target=\\"_blank\\" rel=\\"noopener noreferrer\\"><em>app.sigle.io</em></a><em></em></p><p>In just a few words, Sigle is the perfect tool for writers/bloggers to easily create&amp;nbsp;<strong>decentralized</strong>&amp;nbsp;content and take notes.<br/>That means no one but you owns your data and published work. It is safe from any censorship and you maintain your privacy and freedom.</p><img src=\\"https://i.goopics.net/Py0Nd.jpg\\"/><p><strong>Welcome to this beautiful and magic place that is called blockchain.</strong></p><p></p><h2>1 / Login with blockstack</h2><p>You access Sigle through the Blockstack Browser.</p><img src=\\"https://i.goopics.net/qJ2Q9.jpg\\"/><p>If you are a new user, start by creating an ID. You&#x27;ll be asked to create your decentralized identity.</p><p>Choose a username and click on &quot;continue&quot;.</p><p>Now, choose a password. We recommend you choose a complex one and use a password keeper to save it (like&amp;nbsp;<a href=\\"https://blockvault.site/?fbclid=IwAR1jQ85_15dnziN3Q5hieBo-7gUR_Ejvh2C4vwzrUyyrGVL3rlWXydRoKqk\\" target=\\"_blank\\" rel=\\"noopener noreferrer\\">BlockVault</a>&amp;nbsp;which is a decentralized app but, because it&#x27;s made with blockstack too, you must create you account first. You also can use <a href=\\"https://keepass.info/?fbclid=IwAR0LGKD0jhSBXa3T8dRlmGw_6vzIdvUv5BP8Z2vfmGMmH0AeP6k7A6Ui488\\" target=\\"_blank\\" rel=\\"noopener noreferrer\\">Keepass</a> which is an open source project).</p><p><strong>It is very important not to forget your password</strong>&amp;nbsp;because no centralized server will be here to remind you of it!<br/><br/>You will then be asked for your email. It is necessary to get your recovery key. This key will be very helpful if you want to restore your account on a different browser. Save it, hide it üëª.</p><p>So far so good!&amp;nbsp;<strong>Your ID has been created</strong>&amp;nbsp;and you&#x27;re now a part of the blockchain family. Awesome! ü§ñ</p><p></p><h2>2 / Welcome to Sigle</h2><h3>2.1 ‚Ä¢ The top bar</h3><p>In this part, we&#x27;ll go around all different aspects of the app.</p><p>Wherever you are on Sigle, just click the logo to go back to the main page.<br/><br/>In the header, you will also find your blockstack ID.<br/>This is the decentralized identity you choose during the creation of your blockstack account.</p><img src=\\"https://i.goopics.net/vDaKA.jpg\\"/><p>By clicking on it, you will open a new page.&amp;nbsp;<strong>This is your blog URL.<br/></strong>Then on the right,&amp;nbsp;you have <strong>a button to logout.</strong></p><p>Easy.</p><p></p><h3>2.2 ‚Ä¢ The interface</h3><p>there are two sections on the left:</p><ol><li><strong>Drafts:</strong>&amp;nbsp;It is where all your saved stories will go. You can edit them as long as you want. All stories in this section are encrypted, so only you can see and decrypt them by clicking the &quot;publish&quot; button.</li><li><strong>Published:</strong>&amp;nbsp;After having pressed the &quot;publish&quot; button, your story will disappear from the draft section and will go in the published one. Be aware that also mean you just decrypted it and it&#x27;s now public. You can now click on your ID to see it on your blog! Well done!</li></ol><img src=\\"https://i.goopics.net/g9r7y.png\\"/><p>The &quot;New story&quot; button will allow you to access&amp;nbsp;<strong>the editor page.<br/></strong>In other words, this is the place you will start creating awesome content for your blog.</p><img src=\\"https://i.goopics.net/WyZLl.png\\"/><p>One more thing!<br/><strong>If you want to delete a story</strong>, click on the &quot;edit&quot; button next to your story title.<br/>You will then be able to find the &quot;delete&quot; button.</p><p></p><h2>3 / Edit and create content</h2><p>Whether you tap the &quot;New story&quot; or the &quot;edit&quot; button, you&#x27;ll land on the editor page.<br/>This is where you will write all the ideas that cross your mind. It&#x27;s also where we&#x27;re writing the content from right now.</p><p>Through a clean WYSIWYG text editor, this is what you can do on sigle:</p><ul><li>Enter text content</li></ul><ul><li>Make it bold, italic or underlined by clicking on respective icons</li></ul><img src=\\"https://i.goopics.net/e3yOW.png\\"/><ul><li>Create quotes and numbered or doted lists like this one</li></ul><img src=\\"https://i.goopics.net/NQLeg.png\\"/><ul><li>Create titles by choosing h1 or h2</li></ul><img src=\\"https://i.goopics.net/YxrNg.png\\"/><ul><li>Add custom links and add images by copying and pasting links. You must host your images before (with&amp;nbsp;<a href=\\"https://goopics.net/\\" target=\\"_blank\\" rel=\\"noopener noreferrer\\">goopics</a>&amp;nbsp;for exemple).</li></ul><img src=\\"https://i.goopics.net/pLdmR.png\\"/><p></p><h2>4 / Shoot the stars!</h2><p>Now, you have a few articles ready to be published in your drafts and you&#x27;re now excited to spread the word.</p><p></p><img src=\\"https://i.goopics.net/l0pjA.jpg\\"/><p></p><p></p><p>How? It&#x27;s easy as ABC.<br/>Next to every story you wrote in your drafts,&amp;nbsp;<strong>push the button &quot;publish&quot;.<br/></strong>As mentioned earlier, your stories are now in the &quot;Published&quot; section.</p><p>Now, simply follow your ID link to land on your blog:</p><img src=\\"https://i.goopics.net/vDaKA.jpg\\"/><p>To share it, copy the link and send it to your friends and on social media!<br/>Don&#x27;t forget to share it with us by mentioning&amp;nbsp;<a href=\\"https://twitter.com/sigleapp\\" target=\\"_blank\\" rel=\\"noopener noreferrer\\">@sigleapp</a>&amp;nbsp;on Twitter! üôÇ</p><p></p><p>Your turn to give it a try!<br/>Enjoy writing awesome stories ! ‚úçÔ∏è</p><p></p><p>The Sigle team.</p>"`;
